------------------------------------------------------------
Timing Analyzer Summary
------------------------------------------------------------

Type  : Slow 1100mV 85C Model Setup 'clk'
Slack : 0.332
TNS   : 0.000

Type  : Slow 1100mV 85C Model Hold 'clk'
Slack : 0.217
TNS   : 0.000

Type  : Slow 1100mV 85C Model Minimum Pulse Width 'clk'
Slack : 2.878
TNS   : 0.000

Type  : Slow 1100mV 0C Model Setup 'clk'
Slack : 0.132
TNS   : 0.000

Type  : Slow 1100mV 0C Model Hold 'clk'
Slack : 0.210
TNS   : 0.000

Type  : Slow 1100mV 0C Model Minimum Pulse Width 'clk'
Slack : 2.794
TNS   : 0.000

Type  : Fast 1100mV 85C Model Setup 'clk'
Slack : 3.152
TNS   : 0.000

Type  : Fast 1100mV 85C Model Hold 'clk'
Slack : 0.128
TNS   : 0.000

Type  : Fast 1100mV 85C Model Minimum Pulse Width 'clk'
Slack : 2.913
TNS   : 0.000

Type  : Fast 1100mV 0C Model Setup 'clk'
Slack : 3.421
TNS   : 0.000

Type  : Fast 1100mV 0C Model Hold 'clk'
Slack : 0.118
TNS   : 0.000

Type  : Fast 1100mV 0C Model Minimum Pulse Width 'clk'
Slack : 2.916
TNS   : 0.000

------------------------------------------------------------
