------------------------------------------------------------
Timing Analyzer Summary
------------------------------------------------------------

Type  : Slow 1100mV 85C Model Setup 'clk'
Slack : 0.315
TNS   : 0.000

Type  : Slow 1100mV 85C Model Hold 'clk'
Slack : 0.235
TNS   : 0.000

Type  : Slow 1100mV 85C Model Minimum Pulse Width 'clk'
Slack : 2.880
TNS   : 0.000

Type  : Slow 1100mV 0C Model Setup 'clk'
Slack : 0.277
TNS   : 0.000

Type  : Slow 1100mV 0C Model Hold 'clk'
Slack : 0.222
TNS   : 0.000

Type  : Slow 1100mV 0C Model Minimum Pulse Width 'clk'
Slack : 2.792
TNS   : 0.000

Type  : Fast 1100mV 85C Model Setup 'clk'
Slack : 3.022
TNS   : 0.000

Type  : Fast 1100mV 85C Model Hold 'clk'
Slack : 0.133
TNS   : 0.000

Type  : Fast 1100mV 85C Model Minimum Pulse Width 'clk'
Slack : 2.922
TNS   : 0.000

Type  : Fast 1100mV 0C Model Setup 'clk'
Slack : 3.356
TNS   : 0.000

Type  : Fast 1100mV 0C Model Hold 'clk'
Slack : 0.125
TNS   : 0.000

Type  : Fast 1100mV 0C Model Minimum Pulse Width 'clk'
Slack : 2.921
TNS   : 0.000

------------------------------------------------------------
