------------------------------------------------------------
Timing Analyzer Summary
------------------------------------------------------------

Type  : Slow 1100mV 85C Model Setup 'clk'
Slack : -6.045
TNS   : -187.887

Type  : Slow 1100mV 85C Model Hold 'clk'
Slack : 0.987
TNS   : 0.000

Type  : Slow 1100mV 85C Model Minimum Pulse Width 'clk'
Slack : 4.364
TNS   : 0.000

Type  : Slow 1100mV 0C Model Setup 'clk'
Slack : -6.324
TNS   : -199.868

Type  : Slow 1100mV 0C Model Hold 'clk'
Slack : 0.967
TNS   : 0.000

Type  : Slow 1100mV 0C Model Minimum Pulse Width 'clk'
Slack : 4.292
TNS   : 0.000

Type  : Fast 1100mV 85C Model Setup 'clk'
Slack : 0.831
TNS   : 0.000

Type  : Fast 1100mV 85C Model Hold 'clk'
Slack : 0.569
TNS   : 0.000

Type  : Fast 1100mV 85C Model Minimum Pulse Width 'clk'
Slack : 4.424
TNS   : 0.000

Type  : Fast 1100mV 0C Model Setup 'clk'
Slack : 1.497
TNS   : 0.000

Type  : Fast 1100mV 0C Model Hold 'clk'
Slack : 0.523
TNS   : 0.000

Type  : Fast 1100mV 0C Model Minimum Pulse Width 'clk'
Slack : 4.424
TNS   : 0.000

------------------------------------------------------------
